// Jest Snapshot v1, https://goo.gl/fbAQLP

exports[`Landing should render properly 1`] = `<Landing />`;
